[omvll::AntiHook] Executing on module /workspace/stub/stub.c
[omvll::AntiHook] Changes not applied on module /workspace/stub/stub.c
[omvll::FunctionOutline] Executing on module /workspace/stub/stub.c
[omvll::StringEncoding] Executing on module /workspace/stub/stub.c
[omvll::StringEncoding] Changes not applied on module /workspace/stub/stub.c
[omvll::OpaqueFieldAccess] Changes not applied on module /workspace/stub/stub.c
[omvll::BasicBlockDuplicate] Executing on module /workspace/stub/stub.c
[omvll::BasicBlockDuplicate] Changes not applied on module /workspace/stub/stub.c
[omvll::ControlFlowFlattening] Executing on module /workspace/stub/stub.c
[omvll::ControlFlowFlattening] Visiting function sopk_entry
[omvll::ControlFlowFlattening] Found condition that is not an instruction
[omvll::ControlFlowFlattening] Visiting function sopk_chacha20_apply
[omvll::ControlFlowFlattening] Found condition that is not an instruction
[omvll::ControlFlowFlattening] Changes  applied on module /workspace/stub/stub.c
[omvll::BreakControlFlow] Executing on module /workspace/stub/stub.c
[omvll::BreakControlFlow] Visiting function sopk_entry
[omvll::BreakControlFlow] Total of 1 functions were modified on module /workspace/stub/stub.c
[omvll::BreakControlFlow] Changes  applied on module /workspace/stub/stub.c
[omvll::OpaqueConstants] Executing on module /workspace/stub/stub.c
[omvll::OpaqueConstants] Changes not applied on module /workspace/stub/stub.c
[omvll::Arithmetic] Executing on module /workspace/stub/stub.c
[omvll::Arithmetic] Visiting function sopk_entry
[omvll::Arithmetic][sopk_entry] Metadata (2) overrides rounds (3) for add
[omvll::Arithmetic][sopk_entry] Metadata (2) overrides rounds (3) for add
[omvll::Arithmetic] Visiting function sopk_chacha20_apply
[omvll::Arithmetic] Changes  applied on module /workspace/stub/stub.c
[omvll::IndirectCall] Executing on module /workspace/stub/stub.c
[omvll::IndirectCall] Changes not applied on module /workspace/stub/stub.c
[omvll::IndirectBranch] Executing on module /workspace/stub/stub.c
[omvll::IndirectBranch] Changes not applied on module /workspace/stub/stub.c
[omvll::Cleaning] Executing on module /workspace/stub/stub.c
[omvll::Cleaning] Changes  applied on module /workspace/stub/stub.c
